FILE_TYPE=LIBRARY_PARTS;
PRIMITIVE 'PESD5V0S1BSF_315','PESD5V0S1BSF_315_Other';
  PIN
    'K1':
      PIN_NUMBER='(1)';
      NO_LOAD_CHECK=BOTH;
      NO_IO_CHECK=BOTH;
      ALLOW_CONNECT=TRUE;
      PINUSE='UNSPEC';
    'K2':
      PIN_NUMBER='(2)';
      NO_LOAD_CHECK=BOTH;
      NO_IO_CHECK=BOTH;
      ALLOW_CONNECT=TRUE;
      PINUSE='UNSPEC';
  END_PIN;
  BODY
    PART_NAME='PESD5V0S1BSF_315';
    PHYS_DES_PREFIX='D';
    NO_LOAD_CHECK='TRUE';
    PIN_COUNT='2';
    BODY_NAME='PESD5V0S1BSF_315';
    JEDEC_TYPE='PMEG3005AESFYL';
  END_BODY;
END_PRIMITIVE;
END.
