FILE_TYPE=LIBRARY_PARTS;
PRIMITIVE 'CRCW06034K02FKEA','CRCW06034K02FKEA_Resistor Chip';
  PIN
    '1':
      PIN_NUMBER='(1)';
      NO_LOAD_CHECK=BOTH;
      NO_IO_CHECK=BOTH;
      ALLOW_CONNECT=TRUE;
      PINUSE='UNSPEC';
    '2':
      PIN_NUMBER='(2)';
      NO_LOAD_CHECK=BOTH;
      NO_IO_CHECK=BOTH;
      ALLOW_CONNECT=TRUE;
      PINUSE='UNSPEC';
  END_PIN;
  BODY
    PART_NAME='CRCW06034K02FKEA';
    PHYS_DES_PREFIX='R';
    NO_LOAD_CHECK='TRUE';
    PIN_COUNT='2';
    BODY_NAME='CRCW06034K02FKEA';
    JEDEC_TYPE='RESC1608X50N';
  END_BODY;
END_PRIMITIVE;
END.
