FILE_TYPE=LIBRARY_PARTS;
PRIMITIVE 'MPZ1608S102ATA00','MPZ1608S102ATA00_Ferrite Bead Chip';
  PIN
    '1':
      PIN_NUMBER='(1)';
      NO_LOAD_CHECK=BOTH;
      NO_IO_CHECK=BOTH;
      ALLOW_CONNECT=TRUE;
      PINUSE='UNSPEC';
    '2':
      PIN_NUMBER='(2)';
      NO_LOAD_CHECK=BOTH;
      NO_IO_CHECK=BOTH;
      ALLOW_CONNECT=TRUE;
      PINUSE='UNSPEC';
  END_PIN;
  BODY
    PART_NAME='MPZ1608S102ATA00';
    PHYS_DES_PREFIX='FB';
    NO_LOAD_CHECK='TRUE';
    PIN_COUNT='2';
    BODY_NAME='MPZ1608S102ATA00';
    JEDEC_TYPE='BEADC1608X95N';
  END_BODY;
END_PRIMITIVE;
END.
