FILE_TYPE=LIBRARY_PARTS;
PRIMITIVE 'VLS5045EX_6R8M','VLS5045EX_6R8M_Other';
  PIN
    '1':
      PIN_NUMBER='(1)';
      NO_LOAD_CHECK=BOTH;
      NO_IO_CHECK=BOTH;
      ALLOW_CONNECT=TRUE;
      PINUSE='UNSPEC';
    '2':
      PIN_NUMBER='(2)';
      NO_LOAD_CHECK=BOTH;
      NO_IO_CHECK=BOTH;
      ALLOW_CONNECT=TRUE;
      PINUSE='UNSPEC';
  END_PIN;
  BODY
    PART_NAME='VLS5045EX_6R8M';
    PHYS_DES_PREFIX='L';
    NO_LOAD_CHECK='TRUE';
    PIN_COUNT='2';
    BODY_NAME='VLS5045EX_6R8M';
    JEDEC_TYPE='VLS5045EX330M';
  END_BODY;
END_PRIMITIVE;
END.
