FILE_TYPE=LIBRARY_PARTS;
PRIMITIVE 'CGA2B3X7R1H333K050BB','CGA2B3X7R1H333K050BB_Capacitor Chip Non-polarised';
  PIN
    '1':
      PIN_NUMBER='(1)';
      NO_LOAD_CHECK=BOTH;
      NO_IO_CHECK=BOTH;
      ALLOW_CONNECT=TRUE;
      PINUSE='UNSPEC';
    '2':
      PIN_NUMBER='(2)';
      NO_LOAD_CHECK=BOTH;
      NO_IO_CHECK=BOTH;
      ALLOW_CONNECT=TRUE;
      PINUSE='UNSPEC';
  END_PIN;
  BODY
    PART_NAME='CGA2B3X7R1H333K050BB';
    PHYS_DES_PREFIX='C';
    NO_LOAD_CHECK='TRUE';
    PIN_COUNT='2';
    BODY_NAME='CGA2B3X7R1H333K050BB';
    JEDEC_TYPE='CAPC1005X55N';
  END_BODY;
END_PRIMITIVE;
END.
