FILE_TYPE=LIBRARY_PARTS;
PRIMITIVE 'SPM5030T_4R7M_HZ','SPM5030T_4R7M_HZ_Other';
  PIN
    '1':
      PIN_NUMBER='(1)';
      NO_LOAD_CHECK=BOTH;
      NO_IO_CHECK=BOTH;
      ALLOW_CONNECT=TRUE;
      PINUSE='UNSPEC';
    '2':
      PIN_NUMBER='(2)';
      NO_LOAD_CHECK=BOTH;
      NO_IO_CHECK=BOTH;
      ALLOW_CONNECT=TRUE;
      PINUSE='UNSPEC';
  END_PIN;
  BODY
    PART_NAME='SPM5030T_4R7M_HZ';
    PHYS_DES_PREFIX='L';
    NO_LOAD_CHECK='TRUE';
    PIN_COUNT='2';
    BODY_NAME='SPM5030T_4R7M_HZ';
    JEDEC_TYPE='SPM5030';
  END_BODY;
END_PRIMITIVE;
END.
