FILE_TYPE=LIBRARY_PARTS;
PRIMITIVE 'BLM18HE152SN1D','BLM18HE152SN1D_Other';
  PIN
    '1':
      PIN_NUMBER='(1)';
      NO_LOAD_CHECK=BOTH;
      NO_IO_CHECK=BOTH;
      ALLOW_CONNECT=TRUE;
      PINUSE='UNSPEC';
    '2':
      PIN_NUMBER='(2)';
      NO_LOAD_CHECK=BOTH;
      NO_IO_CHECK=BOTH;
      ALLOW_CONNECT=TRUE;
      PINUSE='UNSPEC';
  END_PIN;
  BODY
    PART_NAME='BLM18HE152SN1D';
    PHYS_DES_PREFIX='FB';
    NO_LOAD_CHECK='TRUE';
    PIN_COUNT='2';
    BODY_NAME='BLM18HE152SN1D';
    JEDEC_TYPE='BLM18SP221SN1B';
  END_BODY;
END_PRIMITIVE;
END.
